../Core/Src/main.c:85:6:show	8	static
../Core/Src/main.c:119:6:show1	24	static
../Core/Src/main.c:170:6:adc	8	static
../Core/Src/main.c:245:6:adc1	8	static
../Core/Src/main.c:286:5:main	8	static
../Core/Src/main.c:380:6:SystemClock_Config	88	static
../Core/Src/main.c:426:13:MX_ADC1_Init	24	static
../Core/Src/main.c:474:13:MX_TIM1_Init	96	static
../Core/Src/main.c:553:13:MX_TIM2_Init	64	static
../Core/Src/main.c:613:13:MX_GPIO_Init	40	static
../Core/Src/main.c:666:6:Error_Handler	4	static,ignoring_inline_asm
